./test/schemas/date-whitespace_1.xml:3: Schemas validity error : Element 'date': '2000 -01-01' is not a valid value of the atomic type 'xs:date'.
./test/schemas/date-whitespace_1.xml:4: Schemas validity error : Element 'date': '2000-01 -01' is not a valid value of the atomic type 'xs:date'.
./test/schemas/date-whitespace_1.xml:5: Schemas validity error : Element 'date': '2000-01-01 Z' is not a valid value of the atomic type 'xs:date'.
./test/schemas/date-whitespace_1.xml:6: Schemas validity error : Element 'date': '2000-01-01+99:00 ' is not a valid value of the atomic type 'xs:date'.
./test/schemas/date-whitespace_1.xml:7: Schemas validity error : Element 'dateTime': '2000 -01-01T00:00:00' is not a valid value of the atomic type 'xs:dateTime'.
./test/schemas/date-whitespace_1.xml:8: Schemas validity error : Element 'dateTime': '2000-01 -01T00:00:00' is not a valid value of the atomic type 'xs:dateTime'.
./test/schemas/date-whitespace_1.xml:9: Schemas validity error : Element 'dateTime': '2000-01-01 T00:00:00' is not a valid value of the atomic type 'xs:dateTime'.
./test/schemas/date-whitespace_1.xml:10: Schemas validity error : Element 'dateTime': '2000-01-01T00 :00:00' is not a valid value of the atomic type 'xs:dateTime'.
./test/schemas/date-whitespace_1.xml:11: Schemas validity error : Element 'dateTime': '2000-01-01T00:00 :00' is not a valid value of the atomic type 'xs:dateTime'.
./test/schemas/date-whitespace_1.xml:12: Schemas validity error : Element 'dateTime': '2000-01-01T00:00:00 Z' is not a valid value of the atomic type 'xs:dateTime'.
./test/schemas/date-whitespace_1.xml:13: Schemas validity error : Element 'dateTime': '2000-01-01T00:00:00+99:00 ' is not a valid value of the atomic type 'xs:dateTime'.
./test/schemas/date-whitespace_1.xml:14: Schemas validity error : Element 'time': '00 :00:00' is not a valid value of the atomic type 'xs:time'.
./test/schemas/date-whitespace_1.xml:15: Schemas validity error : Element 'time': '00:00 :00' is not a valid value of the atomic type 'xs:time'.
./test/schemas/date-whitespace_1.xml:16: Schemas validity error : Element 'time': '00:00:00 Z' is not a valid value of the atomic type 'xs:time'.
./test/schemas/date-whitespace_1.xml:17: Schemas validity error : Element 'gYear': '2000 Z' is not a valid value of the atomic type 'xs:gYear'.
./test/schemas/date-whitespace_1.xml:18: Schemas validity error : Element 'gYearMonth': '2000 -01' is not a valid value of the atomic type 'xs:gYearMonth'.
./test/schemas/date-whitespace_1.xml:19: Schemas validity error : Element 'gYearMonth': '2000-01 Z' is not a valid value of the atomic type 'xs:gYearMonth'.
./test/schemas/date-whitespace_1.xml:20: Schemas validity error : Element 'gMonth': '--01 Z' is not a valid value of the atomic type 'xs:gMonth'.
./test/schemas/date-whitespace_1.xml:21: Schemas validity error : Element 'gMonthDay': '--01 -01' is not a valid value of the atomic type 'xs:gMonthDay'.
./test/schemas/date-whitespace_1.xml:22: Schemas validity error : Element 'gMonthDay': '--01-01 Z' is not a valid value of the atomic type 'xs:gMonthDay'.
./test/schemas/date-whitespace_1.xml:23: Schemas validity error : Element 'gDay': '---01 Z' is not a valid value of the atomic type 'xs:gDay'.
./test/schemas/date-whitespace_1.xml:24: Schemas validity error : Element 'duration': 'P 1Y' is not a valid value of the atomic type 'xs:duration'.
./test/schemas/date-whitespace_1.xml:25: Schemas validity error : Element 'duration': 'P1 Y' is not a valid value of the atomic type 'xs:duration'.
./test/schemas/date-whitespace_1.xml:26: Schemas validity error : Element 'duration': 'P1Y 1M1DT1H1M1S' is not a valid value of the atomic type 'xs:duration'.
./test/schemas/date-whitespace_1.xml:27: Schemas validity error : Element 'duration': 'P1Y1M 1DT1H1M1S' is not a valid value of the atomic type 'xs:duration'.
./test/schemas/date-whitespace_1.xml:28: Schemas validity error : Element 'duration': 'P1Y1M1D T1H1M1S' is not a valid value of the atomic type 'xs:duration'.
./test/schemas/date-whitespace_1.xml:29: Schemas validity error : Element 'duration': 'P1Y1M1DT 1H1M1S' is not a valid value of the atomic type 'xs:duration'.
./test/schemas/date-whitespace_1.xml:30: Schemas validity error : Element 'duration': 'P1Y1M1DT1 H1M1S' is not a valid value of the atomic type 'xs:duration'.
./test/schemas/date-whitespace_1.xml:31: Schemas validity error : Element 'duration': 'P1Y1M1DT1H 1M1S' is not a valid value of the atomic type 'xs:duration'.
./test/schemas/date-whitespace_1.xml:32: Schemas validity error : Element 'duration': 'P1Y1M1DT1H1M 1S' is not a valid value of the atomic type 'xs:duration'.
./test/schemas/date-whitespace_1.xml fails to validate
